// Jest Snapshot v1, https://goo.gl/fbAQLP

exports[`Button Component Behaves As Expected Button component renders to the DOM with correct text 1`] = `"<div><button><h1>My Button</h1></button></div>"`;
