// Jest Snapshot v1, https://goo.gl/fbAQLP

exports[`FilterBar Renders To The Dom 1`] = `
<div
  class="card m-4"
  data-testid="filterBar"
  id="overview"
  style="width: auto;"
>
  <div
    class="form-group m-2"
  >
    <label
      class="mr-1 ml-2 mt-3 mb-2"
    >
      Type
      :
    </label>
    <select
      class="form-control-sm col-sm-2 mr-2"
      id="Type"
      name="Type"
    >
      <option
        value=""
      />
      <option
        value="Claim"
      >
        Claim
      </option>
      <option
        value="Specification"
      >
        Specification
      </option>
    </select>
    <label
      class="mr-1 ml-2 mt-3 mb-2"
    >
      Assigned
      :
    </label>
    <select
      class="form-control-sm col-sm-2 mr-2"
      id="Assigned"
      name="Assigned"
    >
      <option
        value=""
      />
      <option
        value="Alex Coupe"
      >
        Alex Coupe
      </option>
      <option
        value="Donald Duck"
      >
        Donald Duck
      </option>
      <option
        value="Peter Parker"
      >
        Peter Parker
      </option>
    </select>
    <label
      class="mr-1 ml-2 mt-3 mb-2"
    >
      Priority
      :
    </label>
    <select
      class="form-control-sm col-sm-2 mr-2"
      id="Priority"
      name="Priority"
    >
      <option
        value=""
      />
      <option
        value="Normal"
      >
        Normal
      </option>
      <option
        value="Urgent"
      >
        Urgent
      </option>
    </select>
    <button
      class="btn btn-primary ml-3"
    >
      Clear Filter
    </button>
  </div>
</div>
`;
