// Jest Snapshot v1, https://goo.gl/fbAQLP

exports[`NavBlock component renders to the DOM 1`] = `
<strong>
   
  Underwriting
</strong>
`;
