// Jest Snapshot v1, https://goo.gl/fbAQLP

exports[`NavItem component renders to the DOM 1`] = `
<a
  class=" btn btn-block btn-secondary m-0"
  href="/"
>
  navItemTest
</a>
`;
