// Jest Snapshot v1, https://goo.gl/fbAQLP

exports[`TopBar component renders to the DOM 1`] = `
<div
  data-testid="topbar"
>
  <nav
    class="navbar navbar-expand-lg navbar-dark bg-dark p-0"
  >
    <h3
      class="text-white ml-5 mb-0"
    >
      New SLIM
    </h3>
    <div
      class="collapse navbar-collapse"
      id="navbarSupportedContent"
    >
      <ul
        class="navbar-nav ml-auto"
      >
        <li
          class="nav-item nav-link active"
        >
          <h3>
            Welcome, 
          </h3>
        </li>
        <li
          class="nav-item "
        >
          <button
            class="nav-link bg-transparent border-0"
            data-testid="searchToggler"
          >
            <svg
              aria-hidden="true"
              class="svg-inline--fa fa-search fa-w-16 fa-2x "
              data-icon="search"
              data-prefix="fas"
              focusable="false"
              role="img"
              viewBox="0 0 512 512"
              xmlns="http://www.w3.org/2000/svg"
            >
              <path
                d="M505 442.7L405.3 343c-4.5-4.5-10.6-7-17-7H372c27.6-35.3 44-79.7 44-128C416 93.1 322.9 0 208 0S0 93.1 0 208s93.1 208 208 208c48.3 0 92.7-16.4 128-44v16.3c0 6.4 2.5 12.5 7 17l99.7 99.7c9.4 9.4 24.6 9.4 33.9 0l28.3-28.3c9.4-9.4 9.4-24.6.1-34zM208 336c-70.7 0-128-57.2-128-128 0-70.7 57.2-128 128-128 70.7 0 128 57.2 128 128 0 70.7-57.2 128-128 128z"
                fill="currentColor"
              />
            </svg>
          </button>
        </li>
        <div
          class="dropdown pr-5"
        >
          <li
            class="nav-item"
          >
            <button
              class="nav-link bg-transparent border-0"
              data-testid="optionsToggler"
            >
              <svg
                aria-hidden="true"
                class="svg-inline--fa fa-cog fa-w-16 fa-2x "
                data-icon="cog"
                data-prefix="fas"
                focusable="false"
                role="img"
                viewBox="0 0 512 512"
                xmlns="http://www.w3.org/2000/svg"
              >
                <path
                  d="M487.4 315.7l-42.6-24.6c4.3-23.2 4.3-47 0-70.2l42.6-24.6c4.9-2.8 7.1-8.6 5.5-14-11.1-35.6-30-67.8-54.7-94.6-3.8-4.1-10-5.1-14.8-2.3L380.8 110c-17.9-15.4-38.5-27.3-60.8-35.1V25.8c0-5.6-3.9-10.5-9.4-11.7-36.7-8.2-74.3-7.8-109.2 0-5.5 1.2-9.4 6.1-9.4 11.7V75c-22.2 7.9-42.8 19.8-60.8 35.1L88.7 85.5c-4.9-2.8-11-1.9-14.8 2.3-24.7 26.7-43.6 58.9-54.7 94.6-1.7 5.4.6 11.2 5.5 14L67.3 221c-4.3 23.2-4.3 47 0 70.2l-42.6 24.6c-4.9 2.8-7.1 8.6-5.5 14 11.1 35.6 30 67.8 54.7 94.6 3.8 4.1 10 5.1 14.8 2.3l42.6-24.6c17.9 15.4 38.5 27.3 60.8 35.1v49.2c0 5.6 3.9 10.5 9.4 11.7 36.7 8.2 74.3 7.8 109.2 0 5.5-1.2 9.4-6.1 9.4-11.7v-49.2c22.2-7.9 42.8-19.8 60.8-35.1l42.6 24.6c4.9 2.8 11 1.9 14.8-2.3 24.7-26.7 43.6-58.9 54.7-94.6 1.5-5.5-.7-11.3-5.6-14.1zM256 336c-44.1 0-80-35.9-80-80s35.9-80 80-80 80 35.9 80 80-35.9 80-80 80z"
                  fill="currentColor"
                />
              </svg>
            </button>
          </li>
        </div>
      </ul>
    </div>
  </nav>
</div>
`;
